/page2.html (3 hits)
/image.jpg (1 hit)
/page1.html (1 hit)
/page3.html (1 hit)