Warning: only hits between 16:00 and 17:00 have been taken into account
/SiteWebIF/Intranet-etudiant.php (8 hits)
/notesif/ (6 hits)
/notesif (4 hits)
/stages/FondInsa.jpg (2 hits)
/stages/InsaIF.ico (2 hits)
/stages/bandeauFinal.jpg (2 hits)
/stages/style_pfe.css (2 hits)
/temps/3IF1.ics (2 hits)
/SiteWebIF/Intranet-etudiant.php?ticket=ST-381479-b6VPobWtem05FBrpAl1J-dsi-vm03 (1 hit)
/SiteWebIF/Intranet-etudiant.php?ticket=ST-381484-N2zHdh0fERYzrpwhvUy9-dsi-vm03 (1 hit)