L'argument de la commande -g doit etre un fichier .dot