L'argument de la commande -t doit etre un nombre entre 0 et 23 compris.