/SiteWebIF/Intranet-etudiant.php (7 hits)
/favicon.ico (4 hits)
/temps/3IF38.html (4 hits)
/ (3 hits)
/notesif/ (3 hits)
/temps/3IF37.html (3 hits)
/temps/3IF39.html (3 hits)
/notesif (2 hits)
/temps/ (2 hits)
/temps/FondInsa.jpg (2 hits)