/SiteWebIF/Intranet-etudiant.php (7 hits)
/temps/3IF38.html (4 hits)
/ (3 hits)
/notesif/ (3 hits)
/temps/3IF37.html (3 hits)
/temps/3IF39.html (3 hits)
/notesif (2 hits)
/temps/ (2 hits)
/SiteWebIF/Intranet-etudiant.php?ticket=ST-18983-qoy9blUTrJiM4PYIhncG-dsi-vm04 (1 hit)
/SiteWebIF/Intranet-etudiant.php?ticket=ST-341667-KHlNEzic9e5btb4JQ1Nw-dsi-vm03 (1 hit)