/notesif/ (3 hits)
/temps/3IF37.html (3 hits)
/temps/3IF39.html (3 hits)
/notesif (2 hits)
/temps/ (2 hits)